
> Vine Earthworks@0.1.0 build
> react-scripts build

(node:35592) [DEP0176] DeprecationWarning: fs.F_OK is deprecated, use fs.constants.F_OK instead
(Use `node --trace-deprecation ...` to show where the warning was created)
Creating an optimized production build...
Compiled with warnings.

[eslint] 
src\Components\Aboutus.jsx
  Line 13:7:  'TEAM' is assigned a value but never used  no-unused-vars

Search for the keywords to learn more about each warning.
To ignore, add // eslint-disable-next-line to the line before.

File sizes after gzip:

  89.69 kB  build\static\js\main.d6c5d548.js
  1.77 kB   build\static\js\453.746459e2.chunk.js
  512 B     build\static\css\main.64404a31.css

The project was built assuming it is hosted at /.
You can control this with the homepage field in your package.json.

The build folder is ready to be deployed.
You may serve it with a static server:

  npm install -g serve
  serve -s build

Find out more about deployment here:

  https://cra.link/deployment

